[2025-02-22T21:03:32.796+0000][gc,heap] Heap region size: 1M
[2025-02-22T21:03:32.840+0000][gc     ] Using G1
[2025-02-22T21:03:32.840+0000][gc,heap,coops] Heap address: 0x00000000c0000000, size: 1024 MB, Compressed Oops mode: 32-bit
[2025-02-22T21:03:33.675+0000][gc,start     ] GC(0) Pause Young (Concurrent Start) (Metadata GC Threshold)
[2025-02-22T21:03:33.675+0000][gc,task      ] GC(0) Using 1 workers of 1 for evacuation
[2025-02-22T21:03:33.693+0000][gc,phases    ] GC(0)   Pre Evacuate Collection Set: 0.1ms
[2025-02-22T21:03:33.693+0000][gc,phases    ] GC(0)   Evacuate Collection Set: 17.4ms
[2025-02-22T21:03:33.693+0000][gc,phases    ] GC(0)   Post Evacuate Collection Set: 0.4ms
[2025-02-22T21:03:33.693+0000][gc,phases    ] GC(0)   Other: 0.3ms
[2025-02-22T21:03:33.693+0000][gc,heap      ] GC(0) Eden regions: 47->0(44)
[2025-02-22T21:03:33.693+0000][gc,heap      ] GC(0) Survivor regions: 0->7(7)
[2025-02-22T21:03:33.693+0000][gc,heap      ] GC(0) Old regions: 0->2
[2025-02-22T21:03:33.693+0000][gc,heap      ] GC(0) Humongous regions: 0->0
[2025-02-22T21:03:33.693+0000][gc,metaspace ] GC(0) Metaspace: 20669K(21248K)->20669K(21248K) NonClass: 18491K(18944K)->18491K(18944K) Class: 2177K(2304K)->2177K(2304K)
[2025-02-22T21:03:33.694+0000][gc           ] GC(0) Pause Young (Concurrent Start) (Metadata GC Threshold) 46M->8M(1024M) 18.210ms
[2025-02-22T21:03:33.694+0000][gc,cpu       ] GC(0) User=0.02s Sys=0.00s Real=0.02s
[2025-02-22T21:03:33.694+0000][gc           ] GC(1) Concurrent Cycle
[2025-02-22T21:03:33.694+0000][gc,marking   ] GC(1) Concurrent Clear Claimed Marks
[2025-02-22T21:03:33.694+0000][gc,marking   ] GC(1) Concurrent Clear Claimed Marks 0.031ms
[2025-02-22T21:03:33.694+0000][gc,marking   ] GC(1) Concurrent Scan Root Regions
[2025-02-22T21:03:33.696+0000][gc,marking   ] GC(1) Concurrent Scan Root Regions 1.867ms
[2025-02-22T21:03:33.696+0000][gc,marking   ] GC(1) Concurrent Mark (0.904s)
[2025-02-22T21:03:33.696+0000][gc,marking   ] GC(1) Concurrent Mark From Roots
[2025-02-22T21:03:33.696+0000][gc,task      ] GC(1) Using 1 workers of 1 for marking
[2025-02-22T21:03:33.698+0000][gc,marking   ] GC(1) Concurrent Mark From Roots 2.157ms
[2025-02-22T21:03:33.698+0000][gc,marking   ] GC(1) Concurrent Preclean
[2025-02-22T21:03:33.698+0000][gc,marking   ] GC(1) Concurrent Preclean 0.038ms
[2025-02-22T21:03:33.698+0000][gc,marking   ] GC(1) Concurrent Mark (0.904s, 0.906s) 2.249ms
[2025-02-22T21:03:33.698+0000][gc,start     ] GC(1) Pause Remark
[2025-02-22T21:03:33.703+0000][gc,stringtable] GC(1) Cleaned string and symbol table, strings: 8031 processed, 0 removed, symbols: 65649 processed, 27 removed
[2025-02-22T21:03:33.704+0000][gc            ] GC(1) Pause Remark 8M->8M(1024M) 5.655ms
[2025-02-22T21:03:33.704+0000][gc,cpu        ] GC(1) User=0.01s Sys=0.00s Real=0.00s
[2025-02-22T21:03:33.704+0000][gc,marking    ] GC(1) Concurrent Rebuild Remembered Sets
[2025-02-22T21:03:33.705+0000][gc,marking    ] GC(1) Concurrent Rebuild Remembered Sets 1.298ms
[2025-02-22T21:03:33.705+0000][gc,start      ] GC(1) Pause Cleanup
[2025-02-22T21:03:33.706+0000][gc            ] GC(1) Pause Cleanup 8M->8M(1024M) 0.287ms
[2025-02-22T21:03:33.706+0000][gc,cpu        ] GC(1) User=0.00s Sys=0.00s Real=0.00s
[2025-02-22T21:03:33.706+0000][gc,marking    ] GC(1) Concurrent Cleanup for Next Mark
[2025-02-22T21:03:33.717+0000][gc,marking    ] GC(1) Concurrent Cleanup for Next Mark 11.835ms
[2025-02-22T21:03:33.718+0000][gc            ] GC(1) Concurrent Cycle 23.978ms
[2025-02-22T21:03:33.778+0000][gc,heap,exit  ] Heap
[2025-02-22T21:03:33.778+0000][gc,heap,exit  ]  garbage-first heap   total 1048576K, used 14647K [0x00000000c0000000, 0x0000000100000000)
[2025-02-22T21:03:33.778+0000][gc,heap,exit  ]   region size 1024K, 14 young (14336K), 7 survivors (7168K)
[2025-02-22T21:03:33.778+0000][gc,heap,exit  ]  Metaspace       used 21720K, capacity 22222K, committed 22396K, reserved 1069056K
[2025-02-22T21:03:33.778+0000][gc,heap,exit  ]   class space    used 2396K, capacity 2605K, committed 2684K, reserved 1048576K
