[2025-02-22T21:40:35.159+0000][gc,heap] Heap region size: 1M
[2025-02-22T21:40:35.179+0000][gc     ] Using G1
[2025-02-22T21:40:35.179+0000][gc,heap,coops] Heap address: 0x00000000c0000000, size: 1024 MB, Compressed Oops mode: 32-bit
[2025-02-22T21:40:36.231+0000][gc,start     ] GC(0) Pause Young (Concurrent Start) (Metadata GC Threshold)
[2025-02-22T21:40:36.231+0000][gc,task      ] GC(0) Using 1 workers of 1 for evacuation
[2025-02-22T21:40:36.249+0000][gc,phases    ] GC(0)   Pre Evacuate Collection Set: 0.1ms
[2025-02-22T21:40:36.249+0000][gc,phases    ] GC(0)   Evacuate Collection Set: 17.2ms
[2025-02-22T21:40:36.249+0000][gc,phases    ] GC(0)   Post Evacuate Collection Set: 0.6ms
[2025-02-22T21:40:36.249+0000][gc,phases    ] GC(0)   Other: 0.3ms
[2025-02-22T21:40:36.249+0000][gc,heap      ] GC(0) Eden regions: 47->0(44)
[2025-02-22T21:40:36.249+0000][gc,heap      ] GC(0) Survivor regions: 0->7(7)
[2025-02-22T21:40:36.249+0000][gc,heap      ] GC(0) Old regions: 0->2
[2025-02-22T21:40:36.249+0000][gc,heap      ] GC(0) Humongous regions: 0->0
[2025-02-22T21:40:36.250+0000][gc,metaspace ] GC(0) Metaspace: 20728K(21248K)->20728K(21248K) NonClass: 18550K(18944K)->18550K(18944K) Class: 2177K(2304K)->2177K(2304K)
[2025-02-22T21:40:36.250+0000][gc           ] GC(0) Pause Young (Concurrent Start) (Metadata GC Threshold) 46M->8M(1024M) 18.375ms
[2025-02-22T21:40:36.250+0000][gc,cpu       ] GC(0) User=0.01s Sys=0.00s Real=0.02s
[2025-02-22T21:40:36.250+0000][gc           ] GC(1) Concurrent Cycle
[2025-02-22T21:40:36.250+0000][gc,marking   ] GC(1) Concurrent Clear Claimed Marks
[2025-02-22T21:40:36.250+0000][gc,marking   ] GC(1) Concurrent Clear Claimed Marks 0.036ms
[2025-02-22T21:40:36.250+0000][gc,marking   ] GC(1) Concurrent Scan Root Regions
[2025-02-22T21:40:36.252+0000][gc,marking   ] GC(1) Concurrent Scan Root Regions 2.091ms
[2025-02-22T21:40:36.252+0000][gc,marking   ] GC(1) Concurrent Mark (1.097s)
[2025-02-22T21:40:36.252+0000][gc,marking   ] GC(1) Concurrent Mark From Roots
[2025-02-22T21:40:36.252+0000][gc,task      ] GC(1) Using 1 workers of 1 for marking
[2025-02-22T21:40:36.254+0000][gc,marking   ] GC(1) Concurrent Mark From Roots 2.262ms
[2025-02-22T21:40:36.254+0000][gc,marking   ] GC(1) Concurrent Preclean
[2025-02-22T21:40:36.254+0000][gc,marking   ] GC(1) Concurrent Preclean 0.029ms
[2025-02-22T21:40:36.254+0000][gc,marking   ] GC(1) Concurrent Mark (1.097s, 1.100s) 2.346ms
[2025-02-22T21:40:36.254+0000][gc,start     ] GC(1) Pause Remark
[2025-02-22T21:40:36.259+0000][gc,stringtable] GC(1) Cleaned string and symbol table, strings: 8035 processed, 0 removed, symbols: 65668 processed, 26 removed
[2025-02-22T21:40:36.259+0000][gc            ] GC(1) Pause Remark 8M->8M(1024M) 4.848ms
[2025-02-22T21:40:36.259+0000][gc,cpu        ] GC(1) User=0.01s Sys=0.00s Real=0.01s
[2025-02-22T21:40:36.259+0000][gc,marking    ] GC(1) Concurrent Rebuild Remembered Sets
[2025-02-22T21:40:36.260+0000][gc,marking    ] GC(1) Concurrent Rebuild Remembered Sets 1.009ms
[2025-02-22T21:40:36.261+0000][gc,start      ] GC(1) Pause Cleanup
[2025-02-22T21:40:36.261+0000][gc            ] GC(1) Pause Cleanup 8M->8M(1024M) 0.192ms
[2025-02-22T21:40:36.261+0000][gc,cpu        ] GC(1) User=0.00s Sys=0.00s Real=0.00s
[2025-02-22T21:40:36.261+0000][gc,marking    ] GC(1) Concurrent Cleanup for Next Mark
[2025-02-22T21:40:36.272+0000][gc,marking    ] GC(1) Concurrent Cleanup for Next Mark 11.370ms
[2025-02-22T21:40:36.272+0000][gc            ] GC(1) Concurrent Cycle 22.706ms
[2025-02-22T21:40:36.864+0000][gc,start      ] GC(2) Pause Young (Normal) (G1 Evacuation Pause)
[2025-02-22T21:40:36.864+0000][gc,task       ] GC(2) Using 1 workers of 1 for evacuation
[2025-02-22T21:40:36.880+0000][gc,phases     ] GC(2)   Pre Evacuate Collection Set: 0.0ms
[2025-02-22T21:40:36.880+0000][gc,phases     ] GC(2)   Evacuate Collection Set: 15.0ms
[2025-02-22T21:40:36.880+0000][gc,phases     ] GC(2)   Post Evacuate Collection Set: 0.3ms
[2025-02-22T21:40:36.880+0000][gc,phases     ] GC(2)   Other: 0.2ms
[2025-02-22T21:40:36.880+0000][gc,heap       ] GC(2) Eden regions: 44->0(49)
[2025-02-22T21:40:36.880+0000][gc,heap       ] GC(2) Survivor regions: 7->2(7)
[2025-02-22T21:40:36.880+0000][gc,heap       ] GC(2) Old regions: 2->8
[2025-02-22T21:40:36.880+0000][gc,heap       ] GC(2) Humongous regions: 0->0
[2025-02-22T21:40:36.880+0000][gc,metaspace  ] GC(2) Metaspace: 29910K(30844K)->29910K(30844K) NonClass: 26551K(27136K)->26551K(27136K) Class: 3358K(3708K)->3358K(3708K)
[2025-02-22T21:40:36.880+0000][gc            ] GC(2) Pause Young (Normal) (G1 Evacuation Pause) 52M->9M(1024M) 15.647ms
[2025-02-22T21:40:36.880+0000][gc,cpu        ] GC(2) User=0.02s Sys=0.00s Real=0.02s
[2025-02-22T21:40:37.189+0000][gc,start      ] GC(3) Pause Young (Concurrent Start) (Metadata GC Threshold)
[2025-02-22T21:40:37.189+0000][gc,task       ] GC(3) Using 1 workers of 1 for evacuation
[2025-02-22T21:40:37.197+0000][gc,phases     ] GC(3)   Pre Evacuate Collection Set: 0.1ms
[2025-02-22T21:40:37.197+0000][gc,phases     ] GC(3)   Evacuate Collection Set: 7.1ms
[2025-02-22T21:40:37.197+0000][gc,phases     ] GC(3)   Post Evacuate Collection Set: 0.2ms
[2025-02-22T21:40:37.197+0000][gc,phases     ] GC(3)   Other: 0.3ms
[2025-02-22T21:40:37.197+0000][gc,heap       ] GC(3) Eden regions: 26->0(48)
[2025-02-22T21:40:37.197+0000][gc,heap       ] GC(3) Survivor regions: 2->3(7)
[2025-02-22T21:40:37.197+0000][gc,heap       ] GC(3) Old regions: 8->8
[2025-02-22T21:40:37.197+0000][gc,heap       ] GC(3) Humongous regions: 129->129
[2025-02-22T21:40:37.197+0000][gc,metaspace  ] GC(3) Metaspace: 34943K(35964K)->34943K(35964K) NonClass: 31132K(31744K)->31132K(31744K) Class: 3811K(4220K)->3811K(4220K)
[2025-02-22T21:40:37.197+0000][gc            ] GC(3) Pause Young (Concurrent Start) (Metadata GC Threshold) 164M->139M(1024M) 7.835ms
[2025-02-22T21:40:37.197+0000][gc,cpu        ] GC(3) User=0.02s Sys=0.00s Real=0.00s
[2025-02-22T21:40:37.197+0000][gc            ] GC(4) Concurrent Cycle
[2025-02-22T21:40:37.197+0000][gc,marking    ] GC(4) Concurrent Clear Claimed Marks
[2025-02-22T21:40:37.197+0000][gc,marking    ] GC(4) Concurrent Clear Claimed Marks 0.077ms
[2025-02-22T21:40:37.197+0000][gc,marking    ] GC(4) Concurrent Scan Root Regions
[2025-02-22T21:40:37.199+0000][gc,marking    ] GC(4) Concurrent Scan Root Regions 2.071ms
[2025-02-22T21:40:37.199+0000][gc,marking    ] GC(4) Concurrent Mark (2.045s)
[2025-02-22T21:40:37.199+0000][gc,marking    ] GC(4) Concurrent Mark From Roots
[2025-02-22T21:40:37.199+0000][gc,task       ] GC(4) Using 1 workers of 1 for marking
[2025-02-22T21:40:37.206+0000][gc,marking    ] GC(4) Concurrent Mark From Roots 6.780ms
[2025-02-22T21:40:37.206+0000][gc,marking    ] GC(4) Concurrent Preclean
[2025-02-22T21:40:37.206+0000][gc,marking    ] GC(4) Concurrent Preclean 0.116ms
[2025-02-22T21:40:37.206+0000][gc,marking    ] GC(4) Concurrent Mark (2.045s, 2.052s) 6.979ms
[2025-02-22T21:40:37.206+0000][gc,start      ] GC(4) Pause Remark
[2025-02-22T21:40:37.216+0000][gc,stringtable] GC(4) Cleaned string and symbol table, strings: 12349 processed, 11 removed, symbols: 102152 processed, 30 removed
[2025-02-22T21:40:37.217+0000][gc            ] GC(4) Pause Remark 141M->141M(1024M) 10.433ms
[2025-02-22T21:40:37.217+0000][gc,cpu        ] GC(4) User=0.02s Sys=0.00s Real=0.00s
[2025-02-22T21:40:37.217+0000][gc,marking    ] GC(4) Concurrent Rebuild Remembered Sets
[2025-02-22T21:40:37.221+0000][gc,marking    ] GC(4) Concurrent Rebuild Remembered Sets 4.140ms
[2025-02-22T21:40:37.221+0000][gc,start      ] GC(4) Pause Cleanup
[2025-02-22T21:40:37.222+0000][gc            ] GC(4) Pause Cleanup 141M->141M(1024M) 0.347ms
[2025-02-22T21:40:37.222+0000][gc,cpu        ] GC(4) User=0.00s Sys=0.00s Real=0.00s
[2025-02-22T21:40:37.222+0000][gc,marking    ] GC(4) Concurrent Cleanup for Next Mark
[2025-02-22T21:40:37.239+0000][gc,marking    ] GC(4) Concurrent Cleanup for Next Mark 17.154ms
[2025-02-22T21:40:37.239+0000][gc            ] GC(4) Concurrent Cycle 42.286ms
[2025-02-22T21:40:37.758+0000][gc,start      ] GC(5) Pause Young (Normal) (G1 Evacuation Pause)
[2025-02-22T21:40:37.758+0000][gc,task       ] GC(5) Using 1 workers of 1 for evacuation
[2025-02-22T21:40:37.777+0000][gc,phases     ] GC(5)   Pre Evacuate Collection Set: 0.0ms
[2025-02-22T21:40:37.777+0000][gc,phases     ] GC(5)   Evacuate Collection Set: 17.6ms
[2025-02-22T21:40:37.777+0000][gc,phases     ] GC(5)   Post Evacuate Collection Set: 0.4ms
[2025-02-22T21:40:37.777+0000][gc,phases     ] GC(5)   Other: 0.2ms
[2025-02-22T21:40:37.777+0000][gc,heap       ] GC(5) Eden regions: 48->0(44)
[2025-02-22T21:40:37.777+0000][gc,heap       ] GC(5) Survivor regions: 3->7(7)
[2025-02-22T21:40:37.777+0000][gc,heap       ] GC(5) Old regions: 8->8
[2025-02-22T21:40:37.777+0000][gc,heap       ] GC(5) Humongous regions: 129->129
[2025-02-22T21:40:37.777+0000][gc,metaspace  ] GC(5) Metaspace: 43016K(44412K)->43016K(44412K) NonClass: 38371K(39168K)->38371K(39168K) Class: 4644K(5244K)->4644K(5244K)
[2025-02-22T21:40:37.777+0000][gc            ] GC(5) Pause Young (Normal) (G1 Evacuation Pause) 187M->143M(1024M) 18.420ms
[2025-02-22T21:40:37.777+0000][gc,cpu        ] GC(5) User=0.01s Sys=0.01s Real=0.01s
[2025-02-22T21:40:59.718+0000][gc,start      ] GC(6) Pause Young (Normal) (G1 Evacuation Pause)
[2025-02-22T21:40:59.718+0000][gc,task       ] GC(6) Using 1 workers of 1 for evacuation
[2025-02-22T21:40:59.735+0000][gc,phases     ] GC(6)   Pre Evacuate Collection Set: 0.0ms
[2025-02-22T21:40:59.735+0000][gc,phases     ] GC(6)   Evacuate Collection Set: 16.5ms
[2025-02-22T21:40:59.735+0000][gc,phases     ] GC(6)   Post Evacuate Collection Set: 0.4ms
[2025-02-22T21:40:59.735+0000][gc,phases     ] GC(6)   Other: 0.2ms
[2025-02-22T21:40:59.735+0000][gc,heap       ] GC(6) Eden regions: 44->0(50)
[2025-02-22T21:40:59.735+0000][gc,heap       ] GC(6) Survivor regions: 7->1(7)
[2025-02-22T21:40:59.735+0000][gc,heap       ] GC(6) Old regions: 8->14
[2025-02-22T21:40:59.735+0000][gc,heap       ] GC(6) Humongous regions: 129->0
[2025-02-22T21:40:59.735+0000][gc,metaspace  ] GC(6) Metaspace: 47065K(49020K)->47065K(49020K) NonClass: 41704K(42752K)->41704K(42752K) Class: 5361K(6268K)->5361K(6268K)
[2025-02-22T21:40:59.735+0000][gc            ] GC(6) Pause Young (Normal) (G1 Evacuation Pause) 187M->14M(1024M) 17.301ms
[2025-02-22T21:40:59.735+0000][gc,cpu        ] GC(6) User=0.02s Sys=0.00s Real=0.02s
[2025-02-22T21:40:59.896+0000][gc,heap,exit  ] Heap
[2025-02-22T21:40:59.896+0000][gc,heap,exit  ]  garbage-first heap   total 1048576K, used 19035K [0x00000000c0000000, 0x0000000100000000)
[2025-02-22T21:40:59.896+0000][gc,heap,exit  ]   region size 1024K, 7 young (7168K), 1 survivors (1024K)
[2025-02-22T21:40:59.896+0000][gc,heap,exit  ]  Metaspace       used 47585K, capacity 49254K, committed 49404K, reserved 1091584K
[2025-02-22T21:40:59.896+0000][gc,heap,exit  ]   class space    used 5458K, capacity 6269K, committed 6396K, reserved 1048576K
