[2025-02-22T21:17:41.944+0000][gc,heap] Heap region size: 1M
[2025-02-22T21:17:41.966+0000][gc     ] Using G1
[2025-02-22T21:17:41.966+0000][gc,heap,coops] Heap address: 0x00000000c0000000, size: 1024 MB, Compressed Oops mode: 32-bit
[2025-02-22T21:17:43.487+0000][gc,start     ] GC(0) Pause Young (Concurrent Start) (Metadata GC Threshold)
[2025-02-22T21:17:43.487+0000][gc,task      ] GC(0) Using 1 workers of 1 for evacuation
[2025-02-22T21:17:43.535+0000][gc,mmu       ] GC(0) MMU target violated: 21.0ms (20.0ms/21.0ms)
[2025-02-22T21:17:43.535+0000][gc,phases    ] GC(0)   Pre Evacuate Collection Set: 0.1ms
[2025-02-22T21:17:43.535+0000][gc,phases    ] GC(0)   Evacuate Collection Set: 13.7ms
[2025-02-22T21:17:43.535+0000][gc,phases    ] GC(0)   Post Evacuate Collection Set: 33.7ms
[2025-02-22T21:17:43.535+0000][gc,phases    ] GC(0)   Other: 0.4ms
[2025-02-22T21:17:43.535+0000][gc,heap      ] GC(0) Eden regions: 47->0(44)
[2025-02-22T21:17:43.535+0000][gc,heap      ] GC(0) Survivor regions: 0->7(7)
[2025-02-22T21:17:43.535+0000][gc,heap      ] GC(0) Old regions: 0->2
[2025-02-22T21:17:43.535+0000][gc,heap      ] GC(0) Humongous regions: 0->0
[2025-02-22T21:17:43.535+0000][gc,metaspace ] GC(0) Metaspace: 20665K(21248K)->20665K(21248K) NonClass: 18488K(18944K)->18488K(18944K) Class: 2177K(2304K)->2177K(2304K)
[2025-02-22T21:17:43.535+0000][gc           ] GC(0) Pause Young (Concurrent Start) (Metadata GC Threshold) 46M->8M(1024M) 47.924ms
[2025-02-22T21:17:43.535+0000][gc,cpu       ] GC(0) User=0.02s Sys=0.01s Real=0.04s
[2025-02-22T21:17:43.535+0000][gc           ] GC(1) Concurrent Cycle
[2025-02-22T21:17:43.535+0000][gc,marking   ] GC(1) Concurrent Clear Claimed Marks
[2025-02-22T21:17:43.535+0000][gc,marking   ] GC(1) Concurrent Clear Claimed Marks 0.055ms
[2025-02-22T21:17:43.535+0000][gc,marking   ] GC(1) Concurrent Scan Root Regions
[2025-02-22T21:17:43.537+0000][gc,marking   ] GC(1) Concurrent Scan Root Regions 2.101ms
[2025-02-22T21:17:43.537+0000][gc,marking   ] GC(1) Concurrent Mark (1.598s)
[2025-02-22T21:17:43.537+0000][gc,marking   ] GC(1) Concurrent Mark From Roots
[2025-02-22T21:17:43.537+0000][gc,task      ] GC(1) Using 1 workers of 1 for marking
[2025-02-22T21:17:43.540+0000][gc,marking   ] GC(1) Concurrent Mark From Roots 2.668ms
[2025-02-22T21:17:43.540+0000][gc,marking   ] GC(1) Concurrent Preclean
[2025-02-22T21:17:43.540+0000][gc,marking   ] GC(1) Concurrent Preclean 0.042ms
[2025-02-22T21:17:43.540+0000][gc,marking   ] GC(1) Concurrent Mark (1.598s, 1.600s) 2.795ms
[2025-02-22T21:17:43.540+0000][gc,start     ] GC(1) Pause Remark
[2025-02-22T21:17:43.545+0000][gc,stringtable] GC(1) Cleaned string and symbol table, strings: 8037 processed, 0 removed, symbols: 65668 processed, 26 removed
[2025-02-22T21:17:43.545+0000][gc            ] GC(1) Pause Remark 8M->8M(1024M) 5.125ms
[2025-02-22T21:17:43.545+0000][gc,cpu        ] GC(1) User=0.00s Sys=0.00s Real=0.00s
[2025-02-22T21:17:43.545+0000][gc,marking    ] GC(1) Concurrent Rebuild Remembered Sets
[2025-02-22T21:17:43.547+0000][gc,marking    ] GC(1) Concurrent Rebuild Remembered Sets 1.209ms
[2025-02-22T21:17:43.547+0000][gc,start      ] GC(1) Pause Cleanup
[2025-02-22T21:17:43.547+0000][gc            ] GC(1) Pause Cleanup 8M->8M(1024M) 0.179ms
[2025-02-22T21:17:43.547+0000][gc,cpu        ] GC(1) User=0.00s Sys=0.00s Real=0.00s
[2025-02-22T21:17:43.547+0000][gc,marking    ] GC(1) Concurrent Cleanup for Next Mark
[2025-02-22T21:17:43.557+0000][gc,marking    ] GC(1) Concurrent Cleanup for Next Mark 10.245ms
[2025-02-22T21:17:43.557+0000][gc            ] GC(1) Concurrent Cycle 22.370ms
[2025-02-22T21:17:43.659+0000][gc,heap,exit  ] Heap
[2025-02-22T21:17:43.659+0000][gc,heap,exit  ]  garbage-first heap   total 1048576K, used 14654K [0x00000000c0000000, 0x0000000100000000)
[2025-02-22T21:17:43.659+0000][gc,heap,exit  ]   region size 1024K, 14 young (14336K), 7 survivors (7168K)
[2025-02-22T21:17:43.659+0000][gc,heap,exit  ]  Metaspace       used 21710K, capacity 22158K, committed 22396K, reserved 1069056K
[2025-02-22T21:17:43.659+0000][gc,heap,exit  ]   class space    used 2396K, capacity 2605K, committed 2684K, reserved 1048576K
