[2025-02-22T21:02:19.372+0000][gc,heap] Heap region size: 1M
[2025-02-22T21:02:19.392+0000][gc     ] Using G1
[2025-02-22T21:02:19.392+0000][gc,heap,coops] Heap address: 0x00000000c0000000, size: 1024 MB, Compressed Oops mode: 32-bit
[2025-02-22T21:02:20.475+0000][gc,start     ] GC(0) Pause Young (Concurrent Start) (Metadata GC Threshold)
[2025-02-22T21:02:20.475+0000][gc,task      ] GC(0) Using 1 workers of 1 for evacuation
[2025-02-22T21:02:20.490+0000][gc,phases    ] GC(0)   Pre Evacuate Collection Set: 0.0ms
[2025-02-22T21:02:20.490+0000][gc,phases    ] GC(0)   Evacuate Collection Set: 14.3ms
[2025-02-22T21:02:20.490+0000][gc,phases    ] GC(0)   Post Evacuate Collection Set: 0.6ms
[2025-02-22T21:02:20.490+0000][gc,phases    ] GC(0)   Other: 0.2ms
[2025-02-22T21:02:20.490+0000][gc,heap      ] GC(0) Eden regions: 47->0(44)
[2025-02-22T21:02:20.490+0000][gc,heap      ] GC(0) Survivor regions: 0->7(7)
[2025-02-22T21:02:20.490+0000][gc,heap      ] GC(0) Old regions: 0->2
[2025-02-22T21:02:20.490+0000][gc,heap      ] GC(0) Humongous regions: 0->0
[2025-02-22T21:02:20.490+0000][gc,metaspace ] GC(0) Metaspace: 20668K(21248K)->20668K(21248K) NonClass: 18490K(18944K)->18490K(18944K) Class: 2177K(2304K)->2177K(2304K)
[2025-02-22T21:02:20.490+0000][gc           ] GC(0) Pause Young (Concurrent Start) (Metadata GC Threshold) 46M->8M(1024M) 15.301ms
[2025-02-22T21:02:20.490+0000][gc,cpu       ] GC(0) User=0.01s Sys=0.01s Real=0.02s
[2025-02-22T21:02:20.490+0000][gc           ] GC(1) Concurrent Cycle
[2025-02-22T21:02:20.490+0000][gc,marking   ] GC(1) Concurrent Clear Claimed Marks
[2025-02-22T21:02:20.490+0000][gc,marking   ] GC(1) Concurrent Clear Claimed Marks 0.029ms
[2025-02-22T21:02:20.490+0000][gc,marking   ] GC(1) Concurrent Scan Root Regions
[2025-02-22T21:02:20.493+0000][gc,marking   ] GC(1) Concurrent Scan Root Regions 2.578ms
[2025-02-22T21:02:20.493+0000][gc,marking   ] GC(1) Concurrent Mark (1.125s)
[2025-02-22T21:02:20.493+0000][gc,marking   ] GC(1) Concurrent Mark From Roots
[2025-02-22T21:02:20.493+0000][gc,task      ] GC(1) Using 1 workers of 1 for marking
[2025-02-22T21:02:20.495+0000][gc,marking   ] GC(1) Concurrent Mark From Roots 2.258ms
[2025-02-22T21:02:20.495+0000][gc,marking   ] GC(1) Concurrent Preclean
[2025-02-22T21:02:20.495+0000][gc,marking   ] GC(1) Concurrent Preclean 0.042ms
[2025-02-22T21:02:20.495+0000][gc,marking   ] GC(1) Concurrent Mark (1.125s, 1.127s) 2.378ms
[2025-02-22T21:02:20.495+0000][gc,start     ] GC(1) Pause Remark
[2025-02-22T21:02:20.501+0000][gc,stringtable] GC(1) Cleaned string and symbol table, strings: 8041 processed, 0 removed, symbols: 65662 processed, 26 removed
[2025-02-22T21:02:20.501+0000][gc            ] GC(1) Pause Remark 8M->8M(1024M) 5.739ms
[2025-02-22T21:02:20.501+0000][gc,cpu        ] GC(1) User=0.01s Sys=0.00s Real=0.01s
[2025-02-22T21:02:20.501+0000][gc,marking    ] GC(1) Concurrent Rebuild Remembered Sets
[2025-02-22T21:02:20.503+0000][gc,marking    ] GC(1) Concurrent Rebuild Remembered Sets 1.347ms
[2025-02-22T21:02:20.503+0000][gc,start      ] GC(1) Pause Cleanup
[2025-02-22T21:02:20.503+0000][gc            ] GC(1) Pause Cleanup 8M->8M(1024M) 0.228ms
[2025-02-22T21:02:20.503+0000][gc,cpu        ] GC(1) User=0.00s Sys=0.00s Real=0.00s
[2025-02-22T21:02:20.503+0000][gc,marking    ] GC(1) Concurrent Cleanup for Next Mark
[2025-02-22T21:02:20.513+0000][gc,marking    ] GC(1) Concurrent Cleanup for Next Mark 10.191ms
[2025-02-22T21:02:20.513+0000][gc            ] GC(1) Concurrent Cycle 23.271ms
[2025-02-22T21:02:20.573+0000][gc,heap,exit  ] Heap
[2025-02-22T21:02:20.573+0000][gc,heap,exit  ]  garbage-first heap   total 1048576K, used 14662K [0x00000000c0000000, 0x0000000100000000)
[2025-02-22T21:02:20.573+0000][gc,heap,exit  ]   region size 1024K, 14 young (14336K), 7 survivors (7168K)
[2025-02-22T21:02:20.573+0000][gc,heap,exit  ]  Metaspace       used 21718K, capacity 22222K, committed 22396K, reserved 1069056K
[2025-02-22T21:02:20.573+0000][gc,heap,exit  ]   class space    used 2396K, capacity 2605K, committed 2684K, reserved 1048576K
