[2025-02-22T22:22:01.456+0000][gc,heap] Heap region size: 1M
[2025-02-22T22:22:01.481+0000][gc     ] Using G1
[2025-02-22T22:22:01.481+0000][gc,heap,coops] Heap address: 0x00000000c0000000, size: 1024 MB, Compressed Oops mode: 32-bit
[2025-02-22T22:22:02.369+0000][gc,start     ] GC(0) Pause Young (Concurrent Start) (Metadata GC Threshold)
[2025-02-22T22:22:02.370+0000][gc,task      ] GC(0) Using 1 workers of 1 for evacuation
[2025-02-22T22:22:02.385+0000][gc,phases    ] GC(0)   Pre Evacuate Collection Set: 0.0ms
[2025-02-22T22:22:02.385+0000][gc,phases    ] GC(0)   Evacuate Collection Set: 14.6ms
[2025-02-22T22:22:02.385+0000][gc,phases    ] GC(0)   Post Evacuate Collection Set: 0.4ms
[2025-02-22T22:22:02.385+0000][gc,phases    ] GC(0)   Other: 0.2ms
[2025-02-22T22:22:02.385+0000][gc,heap      ] GC(0) Eden regions: 47->0(44)
[2025-02-22T22:22:02.385+0000][gc,heap      ] GC(0) Survivor regions: 0->7(7)
[2025-02-22T22:22:02.385+0000][gc,heap      ] GC(0) Old regions: 0->2
[2025-02-22T22:22:02.385+0000][gc,heap      ] GC(0) Humongous regions: 0->0
[2025-02-22T22:22:02.385+0000][gc,metaspace ] GC(0) Metaspace: 20663K(21248K)->20663K(21248K) NonClass: 18485K(18944K)->18485K(18944K) Class: 2178K(2304K)->2178K(2304K)
[2025-02-22T22:22:02.385+0000][gc           ] GC(0) Pause Young (Concurrent Start) (Metadata GC Threshold) 46M->8M(1024M) 15.473ms
[2025-02-22T22:22:02.385+0000][gc,cpu       ] GC(0) User=0.01s Sys=0.00s Real=0.01s
[2025-02-22T22:22:02.385+0000][gc           ] GC(1) Concurrent Cycle
[2025-02-22T22:22:02.385+0000][gc,marking   ] GC(1) Concurrent Clear Claimed Marks
[2025-02-22T22:22:02.385+0000][gc,marking   ] GC(1) Concurrent Clear Claimed Marks 0.029ms
[2025-02-22T22:22:02.385+0000][gc,marking   ] GC(1) Concurrent Scan Root Regions
[2025-02-22T22:22:02.387+0000][gc,marking   ] GC(1) Concurrent Scan Root Regions 2.219ms
[2025-02-22T22:22:02.387+0000][gc,marking   ] GC(1) Concurrent Mark (0.936s)
[2025-02-22T22:22:02.387+0000][gc,marking   ] GC(1) Concurrent Mark From Roots
[2025-02-22T22:22:02.387+0000][gc,task      ] GC(1) Using 1 workers of 1 for marking
[2025-02-22T22:22:02.390+0000][gc,marking   ] GC(1) Concurrent Mark From Roots 2.406ms
[2025-02-22T22:22:02.390+0000][gc,marking   ] GC(1) Concurrent Preclean
[2025-02-22T22:22:02.390+0000][gc,marking   ] GC(1) Concurrent Preclean 0.031ms
[2025-02-22T22:22:02.390+0000][gc,marking   ] GC(1) Concurrent Mark (0.936s, 0.938s) 2.485ms
[2025-02-22T22:22:02.390+0000][gc,start     ] GC(1) Pause Remark
[2025-02-22T22:22:02.395+0000][gc,stringtable] GC(1) Cleaned string and symbol table, strings: 8033 processed, 0 removed, symbols: 65668 processed, 26 removed
[2025-02-22T22:22:02.395+0000][gc            ] GC(1) Pause Remark 8M->8M(1024M) 4.840ms
[2025-02-22T22:22:02.395+0000][gc,cpu        ] GC(1) User=0.01s Sys=0.00s Real=0.00s
[2025-02-22T22:22:02.395+0000][gc,marking    ] GC(1) Concurrent Rebuild Remembered Sets
[2025-02-22T22:22:02.396+0000][gc,marking    ] GC(1) Concurrent Rebuild Remembered Sets 1.318ms
[2025-02-22T22:22:02.396+0000][gc,start      ] GC(1) Pause Cleanup
[2025-02-22T22:22:02.397+0000][gc            ] GC(1) Pause Cleanup 9M->9M(1024M) 0.232ms
[2025-02-22T22:22:02.397+0000][gc,cpu        ] GC(1) User=0.00s Sys=0.00s Real=0.00s
[2025-02-22T22:22:02.397+0000][gc,marking    ] GC(1) Concurrent Cleanup for Next Mark
[2025-02-22T22:22:02.406+0000][gc,marking    ] GC(1) Concurrent Cleanup for Next Mark 9.592ms
[2025-02-22T22:22:02.406+0000][gc            ] GC(1) Concurrent Cycle 21.415ms
[2025-02-22T22:22:02.459+0000][gc,heap,exit  ] Heap
[2025-02-22T22:22:02.459+0000][gc,heap,exit  ]  garbage-first heap   total 1048576K, used 14654K [0x00000000c0000000, 0x0000000100000000)
[2025-02-22T22:22:02.459+0000][gc,heap,exit  ]   region size 1024K, 14 young (14336K), 7 survivors (7168K)
[2025-02-22T22:22:02.459+0000][gc,heap,exit  ]  Metaspace       used 21695K, capacity 22158K, committed 22396K, reserved 1069056K
[2025-02-22T22:22:02.459+0000][gc,heap,exit  ]   class space    used 2396K, capacity 2605K, committed 2684K, reserved 1048576K
