[2025-02-22T21:03:17.959+0000][gc,heap] Heap region size: 1M
[2025-02-22T21:03:18.049+0000][gc     ] Using G1
[2025-02-22T21:03:18.049+0000][gc,heap,coops] Heap address: 0x00000000c0000000, size: 1024 MB, Compressed Oops mode: 32-bit
[2025-02-22T21:03:21.336+0000][gc,start     ] GC(0) Pause Young (Concurrent Start) (Metadata GC Threshold)
[2025-02-22T21:03:21.336+0000][gc,task      ] GC(0) Using 1 workers of 1 for evacuation
[2025-02-22T21:03:21.353+0000][gc,phases    ] GC(0)   Pre Evacuate Collection Set: 0.1ms
[2025-02-22T21:03:21.353+0000][gc,phases    ] GC(0)   Evacuate Collection Set: 16.3ms
[2025-02-22T21:03:21.353+0000][gc,phases    ] GC(0)   Post Evacuate Collection Set: 0.4ms
[2025-02-22T21:03:21.353+0000][gc,phases    ] GC(0)   Other: 0.3ms
[2025-02-22T21:03:21.353+0000][gc,heap      ] GC(0) Eden regions: 47->0(44)
[2025-02-22T21:03:21.353+0000][gc,heap      ] GC(0) Survivor regions: 0->7(7)
[2025-02-22T21:03:21.353+0000][gc,heap      ] GC(0) Old regions: 0->2
[2025-02-22T21:03:21.353+0000][gc,heap      ] GC(0) Humongous regions: 0->0
[2025-02-22T21:03:21.353+0000][gc,metaspace ] GC(0) Metaspace: 20711K(21248K)->20711K(21248K) NonClass: 18533K(18944K)->18533K(18944K) Class: 2178K(2304K)->2178K(2304K)
[2025-02-22T21:03:21.353+0000][gc           ] GC(0) Pause Young (Concurrent Start) (Metadata GC Threshold) 46M->8M(1024M) 17.205ms
[2025-02-22T21:03:21.353+0000][gc,cpu       ] GC(0) User=0.02s Sys=0.00s Real=0.02s
[2025-02-22T21:03:21.353+0000][gc           ] GC(1) Concurrent Cycle
[2025-02-22T21:03:21.354+0000][gc,marking   ] GC(1) Concurrent Clear Claimed Marks
[2025-02-22T21:03:21.354+0000][gc,marking   ] GC(1) Concurrent Clear Claimed Marks 0.047ms
[2025-02-22T21:03:21.354+0000][gc,marking   ] GC(1) Concurrent Scan Root Regions
[2025-02-22T21:03:21.357+0000][gc,marking   ] GC(1) Concurrent Scan Root Regions 2.924ms
[2025-02-22T21:03:21.357+0000][gc,marking   ] GC(1) Concurrent Mark (3.402s)
[2025-02-22T21:03:21.357+0000][gc,marking   ] GC(1) Concurrent Mark From Roots
[2025-02-22T21:03:21.357+0000][gc,task      ] GC(1) Using 1 workers of 1 for marking
[2025-02-22T21:03:21.436+0000][gc,marking   ] GC(1) Concurrent Mark From Roots 79.143ms
[2025-02-22T21:03:21.436+0000][gc,marking   ] GC(1) Concurrent Preclean
[2025-02-22T21:03:21.436+0000][gc,marking   ] GC(1) Concurrent Preclean 0.044ms
[2025-02-22T21:03:21.436+0000][gc,marking   ] GC(1) Concurrent Mark (3.402s, 3.482s) 79.282ms
[2025-02-22T21:03:21.436+0000][gc,start     ] GC(1) Pause Remark
[2025-02-22T21:03:21.441+0000][gc,stringtable] GC(1) Cleaned string and symbol table, strings: 8047 processed, 0 removed, symbols: 65663 processed, 26 removed
[2025-02-22T21:03:21.442+0000][gc            ] GC(1) Pause Remark 8M->8M(1024M) 5.473ms
[2025-02-22T21:03:21.442+0000][gc,cpu        ] GC(1) User=0.00s Sys=0.00s Real=0.01s
[2025-02-22T21:03:21.442+0000][gc,marking    ] GC(1) Concurrent Rebuild Remembered Sets
[2025-02-22T21:03:21.444+0000][gc,marking    ] GC(1) Concurrent Rebuild Remembered Sets 1.835ms
[2025-02-22T21:03:21.444+0000][gc,start      ] GC(1) Pause Cleanup
[2025-02-22T21:03:21.444+0000][gc            ] GC(1) Pause Cleanup 8M->8M(1024M) 0.249ms
[2025-02-22T21:03:21.444+0000][gc,cpu        ] GC(1) User=0.00s Sys=0.00s Real=0.00s
[2025-02-22T21:03:21.444+0000][gc,marking    ] GC(1) Concurrent Cleanup for Next Mark
[2025-02-22T21:03:21.456+0000][gc,marking    ] GC(1) Concurrent Cleanup for Next Mark 11.501ms
[2025-02-22T21:03:21.456+0000][gc            ] GC(1) Concurrent Cycle 102.237ms
[2025-02-22T21:03:21.653+0000][gc,heap,exit  ] Heap
[2025-02-22T21:03:21.653+0000][gc,heap,exit  ]  garbage-first heap   total 1048576K, used 14654K [0x00000000c0000000, 0x0000000100000000)
[2025-02-22T21:03:21.653+0000][gc,heap,exit  ]   region size 1024K, 14 young (14336K), 7 survivors (7168K)
[2025-02-22T21:03:21.653+0000][gc,heap,exit  ]  Metaspace       used 21711K, capacity 22222K, committed 22396K, reserved 1069056K
[2025-02-22T21:03:21.653+0000][gc,heap,exit  ]   class space    used 2396K, capacity 2605K, committed 2684K, reserved 1048576K
