[2025-02-22T21:50:13.340+0000][gc,heap] Heap region size: 1M
[2025-02-22T21:50:13.361+0000][gc     ] Using G1
[2025-02-22T21:50:13.362+0000][gc,heap,coops] Heap address: 0x00000000c0000000, size: 1024 MB, Compressed Oops mode: 32-bit
[2025-02-22T21:50:14.116+0000][gc,start     ] GC(0) Pause Young (Concurrent Start) (Metadata GC Threshold)
[2025-02-22T21:50:14.116+0000][gc,task      ] GC(0) Using 1 workers of 1 for evacuation
[2025-02-22T21:50:14.132+0000][gc,phases    ] GC(0)   Pre Evacuate Collection Set: 0.0ms
[2025-02-22T21:50:14.132+0000][gc,phases    ] GC(0)   Evacuate Collection Set: 15.2ms
[2025-02-22T21:50:14.132+0000][gc,phases    ] GC(0)   Post Evacuate Collection Set: 0.4ms
[2025-02-22T21:50:14.132+0000][gc,phases    ] GC(0)   Other: 0.2ms
[2025-02-22T21:50:14.132+0000][gc,heap      ] GC(0) Eden regions: 47->0(44)
[2025-02-22T21:50:14.132+0000][gc,heap      ] GC(0) Survivor regions: 0->7(7)
[2025-02-22T21:50:14.132+0000][gc,heap      ] GC(0) Old regions: 0->2
[2025-02-22T21:50:14.132+0000][gc,heap      ] GC(0) Humongous regions: 0->0
[2025-02-22T21:50:14.132+0000][gc,metaspace ] GC(0) Metaspace: 20773K(21248K)->20773K(21248K) NonClass: 18595K(18944K)->18595K(18944K) Class: 2177K(2304K)->2177K(2304K)
[2025-02-22T21:50:14.132+0000][gc           ] GC(0) Pause Young (Concurrent Start) (Metadata GC Threshold) 46M->8M(1024M) 16.006ms
[2025-02-22T21:50:14.132+0000][gc,cpu       ] GC(0) User=0.01s Sys=0.01s Real=0.02s
[2025-02-22T21:50:14.132+0000][gc           ] GC(1) Concurrent Cycle
[2025-02-22T21:50:14.133+0000][gc,marking   ] GC(1) Concurrent Clear Claimed Marks
[2025-02-22T21:50:14.133+0000][gc,marking   ] GC(1) Concurrent Clear Claimed Marks 0.075ms
[2025-02-22T21:50:14.133+0000][gc,marking   ] GC(1) Concurrent Scan Root Regions
[2025-02-22T21:50:14.135+0000][gc,marking   ] GC(1) Concurrent Scan Root Regions 1.745ms
[2025-02-22T21:50:14.135+0000][gc,marking   ] GC(1) Concurrent Mark (0.799s)
[2025-02-22T21:50:14.135+0000][gc,marking   ] GC(1) Concurrent Mark From Roots
[2025-02-22T21:50:14.135+0000][gc,task      ] GC(1) Using 1 workers of 1 for marking
[2025-02-22T21:50:14.138+0000][gc,marking   ] GC(1) Concurrent Mark From Roots 2.492ms
[2025-02-22T21:50:14.138+0000][gc,marking   ] GC(1) Concurrent Preclean
[2025-02-22T21:50:14.138+0000][gc,marking   ] GC(1) Concurrent Preclean 0.041ms
[2025-02-22T21:50:14.138+0000][gc,marking   ] GC(1) Concurrent Mark (0.799s, 0.802s) 2.612ms
[2025-02-22T21:50:14.138+0000][gc,start     ] GC(1) Pause Remark
[2025-02-22T21:50:14.143+0000][gc,stringtable] GC(1) Cleaned string and symbol table, strings: 8041 processed, 0 removed, symbols: 65669 processed, 26 removed
[2025-02-22T21:50:14.143+0000][gc            ] GC(1) Pause Remark 9M->9M(1024M) 5.296ms
[2025-02-22T21:50:14.143+0000][gc,cpu        ] GC(1) User=0.01s Sys=0.00s Real=0.00s
[2025-02-22T21:50:14.143+0000][gc,marking    ] GC(1) Concurrent Rebuild Remembered Sets
[2025-02-22T21:50:14.145+0000][gc,marking    ] GC(1) Concurrent Rebuild Remembered Sets 1.419ms
[2025-02-22T21:50:14.145+0000][gc,start      ] GC(1) Pause Cleanup
[2025-02-22T21:50:14.145+0000][gc            ] GC(1) Pause Cleanup 9M->9M(1024M) 0.226ms
[2025-02-22T21:50:14.145+0000][gc,cpu        ] GC(1) User=0.00s Sys=0.00s Real=0.00s
[2025-02-22T21:50:14.145+0000][gc,marking    ] GC(1) Concurrent Cleanup for Next Mark
[2025-02-22T21:50:14.159+0000][gc,marking    ] GC(1) Concurrent Cleanup for Next Mark 13.334ms
[2025-02-22T21:50:14.159+0000][gc            ] GC(1) Concurrent Cycle 26.933ms
[2025-02-22T21:50:14.207+0000][gc,heap,exit  ] Heap
[2025-02-22T21:50:14.207+0000][gc,heap,exit  ]  garbage-first heap   total 1048576K, used 14646K [0x00000000c0000000, 0x0000000100000000)
[2025-02-22T21:50:14.207+0000][gc,heap,exit  ]   region size 1024K, 14 young (14336K), 7 survivors (7168K)
[2025-02-22T21:50:14.207+0000][gc,heap,exit  ]  Metaspace       used 21703K, capacity 22158K, committed 22396K, reserved 1069056K
[2025-02-22T21:50:14.207+0000][gc,heap,exit  ]   class space    used 2396K, capacity 2605K, committed 2688K, reserved 1048576K
