[2025-02-22T21:40:30.331+0000][gc,heap] Heap region size: 1M
[2025-02-22T21:40:30.343+0000][gc     ] Using G1
[2025-02-22T21:40:30.343+0000][gc,heap,coops] Heap address: 0x00000000e0000000, size: 512 MB, Compressed Oops mode: 32-bit
[2025-02-22T21:40:31.160+0000][gc,start     ] GC(0) Pause Young (Normal) (G1 Evacuation Pause)
[2025-02-22T21:40:31.160+0000][gc,task      ] GC(0) Using 1 workers of 1 for evacuation
[2025-02-22T21:40:31.178+0000][gc,phases    ] GC(0)   Pre Evacuate Collection Set: 0.0ms
[2025-02-22T21:40:31.178+0000][gc,phases    ] GC(0)   Evacuate Collection Set: 17.8ms
[2025-02-22T21:40:31.178+0000][gc,phases    ] GC(0)   Post Evacuate Collection Set: 0.5ms
[2025-02-22T21:40:31.178+0000][gc,phases    ] GC(0)   Other: 0.4ms
[2025-02-22T21:40:31.178+0000][gc,heap      ] GC(0) Eden regions: 25->0(21)
[2025-02-22T21:40:31.178+0000][gc,heap      ] GC(0) Survivor regions: 0->4(4)
[2025-02-22T21:40:31.178+0000][gc,heap      ] GC(0) Old regions: 0->5
[2025-02-22T21:40:31.178+0000][gc,heap      ] GC(0) Humongous regions: 0->0
[2025-02-22T21:40:31.178+0000][gc,metaspace ] GC(0) Metaspace: 14845K(15488K)->14845K(15488K) NonClass: 13381K(13824K)->13381K(13824K) Class: 1463K(1664K)->1463K(1664K)
[2025-02-22T21:40:31.178+0000][gc           ] GC(0) Pause Young (Normal) (G1 Evacuation Pause) 25M->8M(512M) 18.808ms
[2025-02-22T21:40:31.179+0000][gc,cpu       ] GC(0) User=0.01s Sys=0.00s Real=0.02s
