[2025-02-22T21:03:12.148+0000][gc,heap] Heap region size: 1M
[2025-02-22T21:03:12.161+0000][gc     ] Using G1
[2025-02-22T21:03:12.161+0000][gc,heap,coops] Heap address: 0x00000000e0000000, size: 512 MB, Compressed Oops mode: 32-bit
[2025-02-22T21:03:12.770+0000][gc,start     ] GC(0) Pause Young (Normal) (G1 Evacuation Pause)
[2025-02-22T21:03:12.771+0000][gc,task      ] GC(0) Using 1 workers of 1 for evacuation
[2025-02-22T21:03:12.786+0000][gc,phases    ] GC(0)   Pre Evacuate Collection Set: 0.0ms
[2025-02-22T21:03:12.786+0000][gc,phases    ] GC(0)   Evacuate Collection Set: 14.2ms
[2025-02-22T21:03:12.786+0000][gc,phases    ] GC(0)   Post Evacuate Collection Set: 0.6ms
[2025-02-22T21:03:12.786+0000][gc,phases    ] GC(0)   Other: 1.1ms
[2025-02-22T21:03:12.786+0000][gc,heap      ] GC(0) Eden regions: 25->0(21)
[2025-02-22T21:03:12.786+0000][gc,heap      ] GC(0) Survivor regions: 0->4(4)
[2025-02-22T21:03:12.786+0000][gc,heap      ] GC(0) Old regions: 0->5
[2025-02-22T21:03:12.786+0000][gc,heap      ] GC(0) Humongous regions: 0->0
[2025-02-22T21:03:12.786+0000][gc,metaspace ] GC(0) Metaspace: 14801K(15488K)->14801K(15488K) NonClass: 13339K(13824K)->13339K(13824K) Class: 1461K(1664K)->1461K(1664K)
[2025-02-22T21:03:12.786+0000][gc           ] GC(0) Pause Young (Normal) (G1 Evacuation Pause) 25M->8M(512M) 16.093ms
[2025-02-22T21:03:12.786+0000][gc,cpu       ] GC(0) User=0.00s Sys=0.01s Real=0.02s
